Microchip MPLAB XC8 Compiler V2.30

Linker command line:

-W-3 --edf=C:\Program Files\Microchip\xc8\v2.30\pic\dat\en_msgs.txt -cn \
  -h+dist/default/production\FinalPrj.X.production.sym \
  --cmf=dist/default/production\FinalPrj.X.production.cmf -z -Q16F877A \
  -oC:\Users\Admin\AppData\Local\Temp\s9acx2 --defsym=__MPLAB_BUILD=1 \
  -Mdist/default/production/FinalPrj.X.production.map -E1 -ver=XC8 Compiler \
  --acfsm=1493 -ASTACK=0110h-016Fh -pstack=STACK -ACODE=00h-07FFhx4 \
  -ASTRCODE=00h-01FFFh -ASTRING=00h-0FFhx32 -ACONST=00h-0FFhx32 \
  -AENTRY=00h-0FFhx32 -ACOMMON=070h-07Fh -ABANK0=020h-06Fh \
  -ABANK1=0A0h-0EFh -ABANK2=0110h-016Fh -ABANK3=0190h-01EFh \
  -ARAM=020h-06Fh,0A0h-0EFh,0110h-016Fh,0190h-01EFh \
  -AABS1=020h-07Fh,0A0h-0EFh,0110h-016Fh,0190h-01EFh -ASFR0=00h-01Fh \
  -ASFR1=080h-09Fh -ASFR2=0100h-010Fh -ASFR3=0180h-018Fh \
  -ACONFIG=02007h-02007h -DCONFIG=2 -AIDLOC=02000h-02003h -DIDLOC=2 \
  -AEEDATA=00h-0FFh/02100h -peeprom_data=EEDATA -DEEDATA=2 -DCODE=2 \
  -DSTRCODE=2 -DSTRING=2 -DCONST=2 -DENTRY=2 \
  -preset_vec=00h,intentry,init,end_init -ppowerup=CODE -pcinit=CODE \
  -pfunctab=ENTRY -k C:\Users\Admin\AppData\Local\Temp\s9acxb.o \
  dist/default/production\FinalPrj.X.production.o 

Object code version is 3.11

Machine type is 16F877A



                Name                               Link     Load   Length Selector   Space Scale
C:\Users\Admin\AppData\Local\Temp\s9acxb.o
                end_init                              0        0        3        0       0
                config                             2007     2007        1        0       4
dist/default/production\FinalPrj.X.production.o
                cinit                               7EA      7EA       16      FD4       0
                config                             2007     2007        1        0       4
                text40                             1723     1723       14     2E46       0
                text39                              ABF      ABF       2E     157E       0
                text38                             1765     1765       1A     2ECA       0
                text37                                3        3       4F        0       0
                text36                             1737     1737       16     2E6E       0
                text35                              C95      C95       64     192A       0
                text34                              DD1      DD1       72     1BA2       0
                text33                              2AC      2AC      1DD      558       0
                text32                              A45      A45       27     148A       0
                text31                              489      489      361      912       0
                text30                              E43      E43       7C     1C86       0
                text29                              105      105       BA      20A       0
                text28                               52       52       B3       A4       0
                text27                              A6C      A6C       29     14D8       0
                text26                              A95      A95       2A     152A       0
                text25                             174D     174D       18     2E9A       0
                text24                             177F     177F       1A     2EFE       0
                text23                             16BE     16BE        4     2D7C       0
                text22                             16C2     16C2        4     2D84       0
                text21                             16F1     16F1       10     2DE2       0
                text20                             17DA     17DA       26     2FB4       0
                text19                             1711     1711       12     2E22       0
                text18                              CF9      CF9       67     19F2       0
                text17                              BDC      BDC       59     17B8       0
                text16                              C35      C35       60     186A       0
                text15                             17B5     17B5       25     2F6A       0
                text14                              1BF      1BF       ED      37E       0
                text13                              D60      D60       71     1AC0       0
                text12                              AED      AED       37     15DA       0
                text11                             16C6     16C6        9     2D8C       0
                text10                             1701     1701       10     2E02       0
                text9                              1799     1799       1C     2F32       0
                text8                              16E3     16E3        E     2DC6       0
                text7                               A1F      A1F       26     143E       0
                text6                               B5B      B5B       3A     16B6       0
                text5                               F5A      F5A       A6     1EB4       0
                text4                               B95      B95       47     172A       0
                text3                               B24      B24       37     1648       0
                text2                              16CF     16CF        A     2D9E       0
                text1                              16D9     16D9        A     2DB2       0
                maintext                            EBF      EBF       9B     1D7E       0
                cstackBANK0                          20       20       4D       20       1
                cstackCOMMON                         70       70        E       70       1
                bssBANK1                             A0       A0        C       A0       1
                bssBANK0                             6D       6D        2       20       1
                stringtext                          800      800      21D       10       0
                strings                            1000     1000       12     2000       0

TOTAL           Name                               Link     Load   Length     Space
        CLASS   STACK          

        CLASS   CODE           
                end_init                              0        0        3         0
                cinit                               7EA      7EA       16         0
                text40                             1723     1723       14         0
                text39                              ABF      ABF       2E         0
                text38                             1765     1765       1A         0
                text37                                3        3       4F         0
                text36                             1737     1737       16         0
                text35                              C95      C95       64         0
                text34                              DD1      DD1       72         0
                text33                              2AC      2AC      1DD         0
                text32                              A45      A45       27         0
                text31                              489      489      361         0
                text30                              E43      E43       7C         0
                text29                              105      105       BA         0
                text28                               52       52       B3         0
                text27                              A6C      A6C       29         0
                text26                              A95      A95       2A         0
                text25                             174D     174D       18         0
                text24                             177F     177F       1A         0
                text23                             16BE     16BE        4         0
                text22                             16C2     16C2        4         0
                text21                             16F1     16F1       10         0
                text20                             17DA     17DA       26         0
                text19                             1711     1711       12         0
                text18                              CF9      CF9       67         0
                text17                              BDC      BDC       59         0
                text16                              C35      C35       60         0
                text15                             17B5     17B5       25         0
                text14                              1BF      1BF       ED         0
                text13                              D60      D60       71         0
                text12                              AED      AED       37         0
                text11                             16C6     16C6        9         0
                text10                             1701     1701       10         0
                text9                              1799     1799       1C         0
                text8                              16E3     16E3        E         0
                text7                               A1F      A1F       26         0
                text6                               B5B      B5B       3A         0
                text5                               F5A      F5A       A6         0
                text4                               B95      B95       47         0
                text3                               B24      B24       37         0
                text2                              16CF     16CF        A         0
                text1                              16D9     16D9        A         0
                maintext                            EBF      EBF       9B         0

        CLASS   STRCODE        
                stringtext                          800      800      21D         0

        CLASS   STRING         
                strings                            1000     1000       12         0

        CLASS   CONST          

        CLASS   ENTRY          

        CLASS   COMMON         
                cstackCOMMON                         70       70        E         1

        CLASS   BANK0          
                cstackBANK0                          20       20       4D         1
                bssBANK0                             6D       6D        2         1

        CLASS   BANK1          
                bssBANK1                             A0       A0        C         1

        CLASS   BANK2          

        CLASS   BANK3          

        CLASS   RAM            

        CLASS   ABS1           
                abs_s1                               7E       7E        2         1

        CLASS   SFR0           

        CLASS   SFR1           

        CLASS   SFR2           

        CLASS   SFR3           

        CLASS   CONFIG         
                config                             2007     2007        1         4

        CLASS   IDLOC          

        CLASS   EEDATA         



SEGMENTS        Name                           Load    Length   Top    Selector   Space  Class     Delta

                reset_vec                      000000  000052  000052         0       0  CODE        2
                cstackBANK0                    000020  00004F  00006F        20       1  BANK0       1
                cstackCOMMON                   000070  00000E  00007E        70       1  COMMON      1
                bssBANK1                       0000A0  00000C  0000AC        A0       1  BANK1       1
                text28                         000052  0000B3  000105        A4       0  CODE        2
                text29                         000105  0000BA  0001BF       20A       0  CODE        2
                text14                         0001BF  0000ED  0002AC       37E       0  CODE        2
                text33                         0002AC  0001DD  000489       558       0  CODE        2
                text31                         000489  000361  0007EA       912       0  CODE        2
                cinit                          0007EA  000016  000800       FD4       0  CODE        2
                stringtext                     000800  00021D  000A1D        10       0  STRCODE     2
                text7                          000A1F  000026  000A45      143E       0  CODE        2
                text32                         000A45  000027  000A6C      148A       0  CODE        2
                text27                         000A6C  000029  000A95      14D8       0  CODE        2
                text26                         000A95  00002A  000ABF      152A       0  CODE        2
                text39                         000ABF  00002E  000AED      157E       0  CODE        2
                text12                         000AED  000037  000B24      15DA       0  CODE        2
                text3                          000B24  000037  000B5B      1648       0  CODE        2
                text6                          000B5B  00003A  000B95      16B6       0  CODE        2
                text4                          000B95  000047  000BDC      172A       0  CODE        2
                text17                         000BDC  000059  000C35      17B8       0  CODE        2
                text16                         000C35  000060  000C95      186A       0  CODE        2
                text35                         000C95  000064  000CF9      192A       0  CODE        2
                text18                         000CF9  000067  000D60      19F2       0  CODE        2
                text13                         000D60  000071  000DD1      1AC0       0  CODE        2
                text34                         000DD1  000072  000E43      1BA2       0  CODE        2
                text30                         000E43  00007C  000EBF      1C86       0  CODE        2
                maintext                       000EBF  00009B  000F5A      1D7E       0  CODE        2
                text5                          000F5A  0000A6  001000      1EB4       0  CODE        2
                strings                        001000  000012  001012      2000       0  STRING      2
                text23                         0016BE  000004  0016C2      2D7C       0  CODE        2
                text22                         0016C2  000004  0016C6      2D84       0  CODE        2
                text11                         0016C6  000009  0016CF      2D8C       0  CODE        2
                text2                          0016CF  00000A  0016D9      2D9E       0  CODE        2
                text1                          0016D9  00000A  0016E3      2DB2       0  CODE        2
                text8                          0016E3  00000E  0016F1      2DC6       0  CODE        2
                text21                         0016F1  000010  001701      2DE2       0  CODE        2
                text10                         001701  000010  001711      2E02       0  CODE        2
                text19                         001711  000012  001723      2E22       0  CODE        2
                text40                         001723  000014  001737      2E46       0  CODE        2
                text36                         001737  000016  00174D      2E6E       0  CODE        2
                text25                         00174D  000018  001765      2E9A       0  CODE        2
                text38                         001765  00001A  00177F      2ECA       0  CODE        2
                text24                         00177F  00001A  001799      2EFE       0  CODE        2
                text9                          001799  00001C  0017B5      2F32       0  CODE        2
                text15                         0017B5  000025  0017DA      2F6A       0  CODE        2
                text20                         0017DA  000026  001800      2FB4       0  CODE        2


UNUSED ADDRESS RANGES

        Name                Unused          Largest block    Delta
        BANK0            006F-006F              1           1
        BANK1            00AC-00EF             44           1
        BANK2            0110-016F             60           1
        BANK3            0190-01EF             60           1
        CODE             0A1D-0A1E              2           2
                         1012-16BD            6AC
                         1800-1FFF            800
        CONST            0A1D-0A1E              2           2
                         1012-16BD            100
                         1800-1FFF            100
        EEDATA           2100-21FF            100           2
        ENTRY            0A1D-0A1E              2           2
                         1012-16BD            100
                         1800-1FFF            100
        IDLOC            2000-2003              4           2
        RAM              006F-006F              1           1
                         00AC-00EF             44
                         0110-016F             60
                         0190-01EF             60
        SFR0             0000-001F             20           1
        SFR1             0080-009F             20           1
        SFR2             0100-010F             10           1
        SFR3             0180-018F             10           1
        STACK            0110-016F             60           1
        STRCODE          0A1D-0A1E              2           2
                         1012-16BD            6AC
                         1800-1FFF            800
        STRING           0A1D-0A1E              2           2
                         1012-16BD            100
                         1800-1FFF            100

                                  Symbol Table

?__Umul8_16                   cstackCOMMON 0070
?___awdiv                     cstackCOMMON 0070
?___awmod                     cstackCOMMON 0070
?___fldiv                     cstackBANK0  003A
?___flmul                     cstackBANK0  0020
?___fltol                     cstackBANK0  0054
?___xxtofl                    cstackCOMMON 0070
?_distance                    cstackBANK0  005F
BT_load_char@byte             cstackCOMMON 0070
BT_load_string@string         cstackCOMMON 007C
LCD_Gotoxy@address            cstackCOMMON 0077
LCD_Gotoxy@col                cstackCOMMON 0074
LCD_Gotoxy@row                cstackCOMMON 0076
LCD_PutChar@data              cstackCOMMON 0074
LCD_PutString@s               cstackCOMMON 0075
LCD_Send4Bit@a                cstackCOMMON 0071
LCD_SendCommand@command       cstackCOMMON 0073
Read_DTH11@i                  cstackCOMMON 0077
Read_DTH11@ii                 cstackCOMMON 0076
_BRGH                         (abs)        04C2
_BT_get_char                  text40       1723
_BT_load_char                 text21       16F1
_BT_load_string               text20       17DA
_CREN                         (abs)        00C4
_DATA                         bssBANK1     00A0
_DHT11_start                  text39       0ABF
_GIE                          (abs)        005F
_Init_Bluetooth               text38       1765
_LCD_Clear                    text10       1701
_LCD_Gotoxy                   text9        1799
_LCD_Init                     text35       0C95
_LCD_PutChar                  text8        16E3
_LCD_PutString                text7        0A1F
_LCD_Send4Bit                 text37       0003
_LCD_SendCommand              text36       1737
_OERR                         (abs)        00C1
_PEIE                         (abs)        005E
_RB0                          (abs)        0030
_RB1                          (abs)        0031
_RB2                          (abs)        0032
_RB3                          (abs)        0033
_RB4                          (abs)        0034
_RB5                          (abs)        0035
_RB6                          (abs)        0036
_RB7                          (abs)        0037
_RC2                          (abs)        003A
_RC3                          (abs)        003B
_RCIE                         (abs)        0465
_RCIF                         (abs)        0065
_RCREG                        (abs)        001A
_RD0                          (abs)        0040
_RD1                          (abs)        0041
_RD4                          (abs)        0044
_RD5                          (abs)        0045
_RD6                          (abs)        0046
_RD7                          (abs)        0047
_RX9                          (abs)        00C6
_Read_DTH11                   text34       0DD1
_SPBRG                        (abs)        0099
_SPEN                         (abs)        00C7
_SYNC                         (abs)        04C4
_T1CON                        (abs)        0010
_TMR1H                        (abs)        000F
_TMR1L                        (abs)        000E
_TMR1ON                       (abs)        0080
_TRISB0                       (abs)        0430
_TRISB1                       (abs)        0431
_TRISB2                       (abs)        0432
_TRISB3                       (abs)        0433
_TRISB4                       (abs)        0434
_TRISB5                       (abs)        0435
_TRISB6                       (abs)        0436
_TRISB7                       (abs)        0437
_TRISC2                       (abs)        043A
_TRISC3                       (abs)        043B
_TRISC6                       (abs)        043E
_TRISC7                       (abs)        043F
_TRISD                        (abs)        0088
_TRMT                         (abs)        04C1
_TX9                          (abs)        04C6
_TXEN                         (abs)        04C5
_TXIE                         (abs)        0464
_TXIF                         (abs)        0064
_TXREG                        (abs)        0019
__Habs1                       abs1         0000
__Hbank0                      bank0        0000
__Hbank1                      bank1        0000
__Hbank2                      bank2        0000
__Hbank3                      bank3        0000
__HbssBANK0                   bssBANK0     0000
__HbssBANK1                   bssBANK1     0000
__Hcinit                      cinit        0800
__Hclrtext                    clrtext      0000
__Hcode                       code         0000
__Hcommon                     common       0000
__Hconfig                     config       2008
__HcstackBANK0                cstackBANK0  0000
__HcstackCOMMON               cstackCOMMON 0000
__Heeprom_data                eeprom_data  0000
__Hend_init                   end_init     0003
__Hfunctab                    functab      0000
__Hinit                       init         0000
__Hintentry                   intentry     0000
__Hmaintext                   maintext     0000
__Hpowerup                    powerup      0000
__Hram                        ram          0000
__Hreset_vec                  reset_vec    0000
__Hsfr0                       sfr0         0000
__Hsfr1                       sfr1         0000
__Hsfr2                       sfr2         0000
__Hsfr3                       sfr3         0000
__Hspace_0                    (abs)        1800
__Hspace_1                    (abs)        00AC
__Hspace_2                    (abs)        0000
__Hspace_3                    (abs)        0000
__Hspace_4                    (abs)        400F
__Hstack                      stack        0000
__Hstrings                    strings      0000
__Hstringtext                 stringtext   0000
__Htext                       text         0000
__Labs1                       abs1         0000
__Lbank0                      bank0        0000
__Lbank1                      bank1        0000
__Lbank2                      bank2        0000
__Lbank3                      bank3        0000
__LbssBANK0                   bssBANK0     0000
__LbssBANK1                   bssBANK1     0000
__Lcinit                      cinit        07EA
__Lclrtext                    clrtext      0000
__Lcode                       code         0000
__Lcommon                     common       0000
__Lconfig                     config       0000
__LcstackBANK0                cstackBANK0  0000
__LcstackCOMMON               cstackCOMMON 0000
__Leeprom_data                eeprom_data  0000
__Lend_init                   end_init     0000
__Lfunctab                    functab      0000
__Linit                       init         0000
__Lintentry                   intentry     0000
__Lmaintext                   maintext     0000
__Lpowerup                    powerup      0000
__Lram                        ram          0000
__Lreset_vec                  reset_vec    0000
__Lsfr0                       sfr0         0000
__Lsfr1                       sfr1         0000
__Lsfr2                       sfr2         0000
__Lsfr3                       sfr3         0000
__Lspace_0                    (abs)        0000
__Lspace_1                    (abs)        0000
__Lspace_2                    (abs)        0000
__Lspace_3                    (abs)        0000
__Lspace_4                    (abs)        0000
__Lstack                      stack        0000
__Lstrings                    strings      0000
__Lstringtext                 stringtext   0000
__Ltext                       text         0000
__S0                          (abs)        1800
__S1                          (abs)        00AC
__S2                          (abs)        0000
__S3                          (abs)        0000
__Umul8_16                    text32       0A45
__Umul8_16@multiplicand       cstackCOMMON 0070
__Umul8_16@multiplier         cstackCOMMON 0078
__Umul8_16@product            cstackCOMMON 0074
__Umul8_16@word_mpld          cstackCOMMON 0076
___awdiv                      text18       0CF9
___awdiv@counter              cstackCOMMON 0075
___awdiv@dividend             cstackCOMMON 0072
___awdiv@divisor              cstackCOMMON 0070
___awdiv@quotient             cstackCOMMON 0077
___awdiv@sign                 cstackCOMMON 0076
___awmod                      text17       0BDC
___awmod@counter              cstackCOMMON 0075
___awmod@dividend             cstackCOMMON 0072
___awmod@divisor              cstackCOMMON 0070
___awmod@sign                 cstackCOMMON 0076
___fldiv                      text33       02AC
___fldiv@a                    cstackBANK0  003A
___fldiv@aexp                 cstackBANK0  0053
___fldiv@b                    cstackBANK0  003E
___fldiv@bexp                 cstackBANK0  0052
___fldiv@grs                  cstackBANK0  004E
___fldiv@new_exp              cstackBANK0  004C
___fldiv@rem                  cstackBANK0  0047
___fldiv@sign                 cstackBANK0  004B
___flmul                      text31       0489
___flmul@a                    cstackBANK0  0024
___flmul@aexp                 cstackBANK0  0032
___flmul@b                    cstackBANK0  0020
___flmul@bexp                 cstackBANK0  0033
___flmul@grs                  cstackBANK0  002E
___flmul@prod                 cstackBANK0  0034
___flmul@sign                 cstackBANK0  002D
___flmul@temp                 cstackBANK0  0038
___fltol                      text30       0E43
___fltol@exp1                 cstackBANK0  005E
___fltol@f1                   cstackBANK0  0054
___fltol@sign1                cstackBANK0  005D
___int_sp                     stack        0000
___latbits                    (abs)        0002
___sp                         stack        0000
___stackhi                    (abs)        0000
___stacklo                    (abs)        0000
___xxtofl                     text29       0105
___xxtofl@arg                 cstackCOMMON 007A
___xxtofl@exp                 cstackCOMMON 0079
___xxtofl@sign                cstackCOMMON 0078
___xxtofl@val                 cstackCOMMON 0070
__end_of_BT_get_char          text40       1737
__end_of_BT_load_char         text21       1701
__end_of_BT_load_string       text20       1800
__end_of_DHT11_start          text39       0AED
__end_of_Init_Bluetooth       text38       177F
__end_of_LCD_Clear            text10       1711
__end_of_LCD_Gotoxy           text9        17B5
__end_of_LCD_Init             text35       0CF9
__end_of_LCD_PutChar          text8        16F1
__end_of_LCD_PutString        text7        0A45
__end_of_LCD_Send4Bit         text37       0052
__end_of_LCD_SendCommand      text36       174D
__end_of_Read_DTH11           text34       0E43
__end_of__Umul8_16            text32       0A6C
__end_of___awdiv              text18       0D60
__end_of___awmod              text17       0C35
__end_of___fldiv              text33       0489
__end_of___flmul              text31       07EA
__end_of___fltol              text30       0EBF
__end_of___xxtofl             text29       01BF
__end_of__initialization      cinit        07FC
__end_of__stringtab           strings      1012
__end_of_auto_food            text24       1799
__end_of_broadcast_BT         text19       1723
__end_of_checkTemp            text6        0B95
__end_of_control_BT           text13       0DD1
__end_of_distance             text28       0105
__end_of_fan_off              text23       16C2
__end_of_fan_on               text22       16C6
__end_of_getStringData        text16       0C95
__end_of_get_level_food       text15       17DA
__end_of_humi_warning         text12       0B24
__end_of_init_fan             text11       16CF
__end_of_main                 maintext     0F5A
__end_of_print_Temp_Humi_LCD  text5        1000
__end_of_print_option_BT      text4        0BDC
__end_of_print_status         text14       02AC
__end_of_rotation0            text27       0A95
__end_of_rotation90           text26       0ABF
__end_of_runFood              text25       1765
__end_of_temp_warning         text3        0B5B
__end_of_water_init           text2        16D9
__end_of_water_start          text1        16E3
__initialization              cinit        07EA
__pbssBANK0                   bssBANK0     006D
__pbssBANK1                   bssBANK1     00A0
__pcstackBANK0                cstackBANK0  0020
__pcstackCOMMON               cstackCOMMON 0070
__pmaintext                   maintext     0EBF
__pstrings                    strings      1000
__pstringtext                 stringtext   0800
__ptext1                      text1        16D9
__ptext10                     text10       1701
__ptext11                     text11       16C6
__ptext12                     text12       0AED
__ptext13                     text13       0D60
__ptext14                     text14       01BF
__ptext15                     text15       17B5
__ptext16                     text16       0C35
__ptext17                     text17       0BDC
__ptext18                     text18       0CF9
__ptext19                     text19       1711
__ptext2                      text2        16CF
__ptext20                     text20       17DA
__ptext21                     text21       16F1
__ptext22                     text22       16C2
__ptext23                     text23       16BE
__ptext24                     text24       177F
__ptext25                     text25       174D
__ptext26                     text26       0A95
__ptext27                     text27       0A6C
__ptext28                     text28       0052
__ptext29                     text29       0105
__ptext3                      text3        0B24
__ptext30                     text30       0E43
__ptext31                     text31       0489
__ptext32                     text32       0A45
__ptext33                     text33       02AC
__ptext34                     text34       0DD1
__ptext35                     text35       0C95
__ptext36                     text36       1737
__ptext37                     text37       0003
__ptext38                     text38       1765
__ptext39                     text39       0ABF
__ptext4                      text4        0B95
__ptext40                     text40       1723
__ptext5                      text5        0F5A
__ptext6                      text6        0B5B
__ptext7                      text7        0A1F
__ptext8                      text8        16E3
__ptext9                      text9        1799
__size_of_BT_get_char         (abs)        0000
__size_of_BT_load_char        (abs)        0000
__size_of_BT_load_string      (abs)        0000
__size_of_DHT11_start         (abs)        0000
__size_of_Init_Bluetooth      (abs)        0000
__size_of_LCD_Clear           (abs)        0000
__size_of_LCD_Gotoxy          (abs)        0000
__size_of_LCD_Init            (abs)        0000
__size_of_LCD_PutChar         (abs)        0000
__size_of_LCD_PutString       (abs)        0000
__size_of_LCD_Send4Bit        (abs)        0000
__size_of_LCD_SendCommand     (abs)        0000
__size_of_Read_DTH11          (abs)        0000
__size_of__Umul8_16           (abs)        0000
__size_of___awdiv             (abs)        0000
__size_of___awmod             (abs)        0000
__size_of___fldiv             (abs)        0000
__size_of___flmul             (abs)        0000
__size_of___fltol             (abs)        0000
__size_of___xxtofl            (abs)        0000
__size_of_auto_food           (abs)        0000
__size_of_broadcast_BT        (abs)        0000
__size_of_checkTemp           (abs)        0000
__size_of_control_BT          (abs)        0000
__size_of_distance            (abs)        0000
__size_of_fan_off             (abs)        0000
__size_of_fan_on              (abs)        0000
__size_of_getStringData       (abs)        0000
__size_of_get_level_food      (abs)        0000
__size_of_humi_warning        (abs)        0000
__size_of_init_fan            (abs)        0000
__size_of_main                (abs)        0000
__size_of_print_Temp_Humi_LCD (abs)        0000
__size_of_print_option_BT     (abs)        0000
__size_of_print_status        (abs)        0000
__size_of_rotation0           (abs)        0000
__size_of_rotation90          (abs)        0000
__size_of_runFood             (abs)        0000
__size_of_temp_warning        (abs)        0000
__size_of_water_init          (abs)        0000
__size_of_water_start         (abs)        0000
__stringbase                  strings      1012
__stringtab                   strings      1000
_auto_food                    text24       177F
_broadcast_BT                 text19       1711
_checkTemp                    text6        0B5B
_control_BT                   text13       0D60
_distance                     text28       0052
_fan_off                      text23       16BE
_fan_on                       text22       16C2
_getStringData                text16       0C35
_get_level_food               text15       17B5
_humi_warning                 text12       0AED
_humidity                     bssBANK0     006D
_init_fan                     text11       16C6
_main                         maintext     0EBF
_print_Temp_Humi_LCD          text5        0F5A
_print_option_BT              text4        0B95
_print_status                 text14       01BF
_rotation0                    text27       0A6C
_rotation90                   text26       0A95
_runFood                      text25       174D
_temp                         bssBANK0     006E
_temp_warning                 text3        0B24
_value_control                bssBANK1     00AA
_water_init                   text2        16CF
_water_start                  text1        16D9
btemp                         (abs)        007E
distance@distance             cstackBANK0  0062
distance@time_taken           cstackBANK0  0064
end_of_initialization         cinit        07FC
getStringData@buff            cstackBANK0  0020
getStringData@num             cstackBANK0  0022
get_level_food@d              cstackBANK0  0067
intlevel0                     functab      0000
intlevel1                     functab      0000
intlevel2                     functab      0000
intlevel3                     functab      0000
intlevel4                     functab      0000
intlevel5                     functab      0000
print_Temp_Humi_LCD@i         cstackCOMMON 007A
print_Temp_Humi_LCD@i_142     cstackCOMMON 007B
reset_vec                     reset_vec    0000
rotation0@i                   cstackCOMMON 0072
rotation90@i                  cstackCOMMON 0072
start                         init         0000
start_initialization          cinit        07EA
wtemp0                        (abs)        007E


FUNCTION INFORMATION:

 *************** function _main *****************
 Defined at:
		line 31 in file "newmain.c"
 Parameters:    Size  Location     Type
		None
 Auto vars:     Size  Location     Type
		None
 Return value:  Size  Location     Type
                  2  279[None  ] int 
 Registers used:
		wreg, fsr0l, fsr0h, status,2, status,0, btemp+1, pclath, cstack
 Tracked objects:
		On entry : 
		On exit  : 
		Unchanged: 
 Data sizes:     COMMON   BANK0   BANK1   BANK3   BANK2
      Params:         0       0       0       0       0
      Locals:         0       0       0       0       0
      Temps:          0       3       0       0       0
      Totals:         0       3       0       0       0
Total ram usage:        3 bytes
 Hardware stack levels required when called:    6
 This function calls:
		_BT_get_char
		_BT_load_string
		_DHT11_start
		_Init_Bluetooth
		_LCD_Init
		_Read_DTH11
		_auto_food
		_broadcast_BT
		_control_BT
		_humi_warning
		_init_fan
		_print_Temp_Humi_LCD
		_print_option_BT
		_print_status
		_temp_warning
		_water_init
		_water_start
 This function is called by:
		Startup code after reset
 This function uses a non-reentrant model


 *************** function _water_start *****************
 Defined at:
		line 86 in file "./motors.h"
 Parameters:    Size  Location     Type
		None
 Auto vars:     Size  Location     Type
		None
 Return value:  Size  Location     Type
                  1    wreg      void 
 Registers used:
		None
 Tracked objects:
		On entry : 
		On exit  : 
		Unchanged: 
 Data sizes:     COMMON   BANK0   BANK1   BANK3   BANK2
      Params:         0       0       0       0       0
      Locals:         0       0       0       0       0
      Temps:          0       0       0       0       0
      Totals:         0       0       0       0       0
Total ram usage:        0 bytes
 Hardware stack levels used:    1
 This function calls:
		Nothing
 This function is called by:
		_main
 This function uses a non-reentrant model


 *************** function _water_init *****************
 Defined at:
		line 78 in file "./motors.h"
 Parameters:    Size  Location     Type
		None
 Auto vars:     Size  Location     Type
		None
 Return value:  Size  Location     Type
                  1    wreg      void 
 Registers used:
		None
 Tracked objects:
		On entry : 
		On exit  : 
		Unchanged: 
 Data sizes:     COMMON   BANK0   BANK1   BANK3   BANK2
      Params:         0       0       0       0       0
      Locals:         0       0       0       0       0
      Temps:          0       0       0       0       0
      Totals:         0       0       0       0       0
Total ram usage:        0 bytes
 Hardware stack levels used:    1
 This function calls:
		Nothing
 This function is called by:
		_main
 This function uses a non-reentrant model


 *************** function _temp_warning *****************
 Defined at:
		line 120 in file "newmain.c"
 Parameters:    Size  Location     Type
		None
 Auto vars:     Size  Location     Type
		None
 Return value:  Size  Location     Type
                  1    wreg      void 
 Registers used:
		wreg, fsr0l, fsr0h, status,2, status,0, btemp+1, pclath, cstack
 Tracked objects:
		On entry : 
		On exit  : 
		Unchanged: 
 Data sizes:     COMMON   BANK0   BANK1   BANK3   BANK2
      Params:         0       0       0       0       0
      Locals:         0       0       0       0       0
      Temps:          0       3       0       0       0
      Totals:         0       3       0       0       0
Total ram usage:        3 bytes
 Hardware stack levels used:    1
 Hardware stack levels required when called:    2
 This function calls:
		_BT_load_string
		_broadcast_BT
 This function is called by:
		_main
 This function uses a non-reentrant model


 *************** function _print_option_BT *****************
 Defined at:
		line 78 in file "newmain.c"
 Parameters:    Size  Location     Type
		None
 Auto vars:     Size  Location     Type
		None
 Return value:  Size  Location     Type
                  1    wreg      void 
 Registers used:
		wreg, fsr0l, fsr0h, status,2, status,0, btemp+1, pclath, cstack
 Tracked objects:
		On entry : 
		On exit  : 
		Unchanged: 
 Data sizes:     COMMON   BANK0   BANK1   BANK3   BANK2
      Params:         0       0       0       0       0
      Locals:         0       0       0       0       0
      Temps:          0       0       0       0       0
      Totals:         0       0       0       0       0
Total ram usage:        0 bytes
 Hardware stack levels used:    1
 Hardware stack levels required when called:    2
 This function calls:
		_BT_load_string
		_broadcast_BT
 This function is called by:
		_main
 This function uses a non-reentrant model


 *************** function _print_Temp_Humi_LCD *****************
 Defined at:
		line 82 in file "./_DHT11.h"
 Parameters:    Size  Location     Type
		None
 Auto vars:     Size  Location     Type
  i               1   11[COMMON] unsigned char 
  i               1   10[COMMON] unsigned char 
 Return value:  Size  Location     Type
                  1    wreg      void 
 Registers used:
		wreg, fsr0l, fsr0h, status,2, status,0, btemp+1, pclath, cstack
 Tracked objects:
		On entry : 
		On exit  : 
		Unchanged: 
 Data sizes:     COMMON   BANK0   BANK1   BANK3   BANK2
      Params:         0       0       0       0       0
      Locals:         2       0       0       0       0
      Temps:          1       0       0       0       0
      Totals:         3       0       0       0       0
Total ram usage:        3 bytes
 Hardware stack levels used:    1
 Hardware stack levels required when called:    4
 This function calls:
		_LCD_Clear
		_LCD_Gotoxy
		_LCD_PutChar
		_LCD_PutString
		___awdiv
		___awmod
		_checkTemp
 This function is called by:
		_main
 This function uses a non-reentrant model


 *************** function _checkTemp *****************
 Defined at:
		line 60 in file "./_DHT11.h"
 Parameters:    Size  Location     Type
		None
 Auto vars:     Size  Location     Type
		None
 Return value:  Size  Location     Type
                  1    wreg      void 
 Registers used:
		wreg, status,2, status,0, btemp+1, pclath, cstack
 Tracked objects:
		On entry : 
		On exit  : 
		Unchanged: 
 Data sizes:     COMMON   BANK0   BANK1   BANK3   BANK2
      Params:         0       0       0       0       0
      Locals:         0       0       0       0       0
      Temps:          0       0       0       0       0
      Totals:         0       0       0       0       0
Total ram usage:        0 bytes
 Hardware stack levels used:    1
 Hardware stack levels required when called:    1
 This function calls:
		_fan_on
 This function is called by:
		_print_Temp_Humi_LCD
 This function uses a non-reentrant model


 *************** function _LCD_PutString *****************
 Defined at:
		line 57 in file "./_lcd_module.h"
 Parameters:    Size  Location     Type
  s               2    5[COMMON] PTR unsigned char 
		 -> STR_2(9), STR_1(12), 
 Auto vars:     Size  Location     Type
		None
 Return value:  Size  Location     Type
                  1    wreg      void 
 Registers used:
		wreg, fsr0l, fsr0h, status,2, status,0, btemp+1, pclath, cstack
 Tracked objects:
		On entry : 
		On exit  : 
		Unchanged: 
 Data sizes:     COMMON   BANK0   BANK1   BANK3   BANK2
      Params:         2       0       0       0       0
      Locals:         0       0       0       0       0
      Temps:          0       0       0       0       0
      Totals:         2       0       0       0       0
Total ram usage:        2 bytes
 Hardware stack levels used:    1
 Hardware stack levels required when called:    3
 This function calls:
		_LCD_PutChar
 This function is called by:
		_print_Temp_Humi_LCD
 This function uses a non-reentrant model


 *************** function _LCD_PutChar *****************
 Defined at:
		line 50 in file "./_lcd_module.h"
 Parameters:    Size  Location     Type
  data            1    wreg     unsigned char 
 Auto vars:     Size  Location     Type
  data            1    4[COMMON] unsigned char 
 Return value:  Size  Location     Type
                  1    wreg      void 
 Registers used:
		wreg, status,2, status,0, pclath, cstack
 Tracked objects:
		On entry : 
		On exit  : 
		Unchanged: 
 Data sizes:     COMMON   BANK0   BANK1   BANK3   BANK2
      Params:         0       0       0       0       0
      Locals:         1       0       0       0       0
      Temps:          0       0       0       0       0
      Totals:         1       0       0       0       0
Total ram usage:        1 bytes
 Hardware stack levels used:    1
 Hardware stack levels required when called:    2
 This function calls:
		_LCD_SendCommand
 This function is called by:
		_print_Temp_Humi_LCD
		_LCD_PutString
 This function uses a non-reentrant model


 *************** function _LCD_Gotoxy *****************
 Defined at:
		line 70 in file "./_lcd_module.h"
 Parameters:    Size  Location     Type
  row             1    wreg     unsigned char 
  col             1    4[COMMON] unsigned char 
 Auto vars:     Size  Location     Type
  row             1    6[COMMON] unsigned char 
  address         1    7[COMMON] unsigned char 
 Return value:  Size  Location     Type
                  1    wreg      void 
 Registers used:
		wreg, status,2, status,0, pclath, cstack
 Tracked objects:
		On entry : 
		On exit  : 
		Unchanged: 
 Data sizes:     COMMON   BANK0   BANK1   BANK3   BANK2
      Params:         1       0       0       0       0
      Locals:         2       0       0       0       0
      Temps:          1       0       0       0       0
      Totals:         4       0       0       0       0
Total ram usage:        4 bytes
 Hardware stack levels used:    1
 Hardware stack levels required when called:    2
 This function calls:
		_LCD_SendCommand
 This function is called by:
		_print_Temp_Humi_LCD
 This function uses a non-reentrant model


 *************** function _LCD_Clear *****************
 Defined at:
		line 64 in file "./_lcd_module.h"
 Parameters:    Size  Location     Type
		None
 Auto vars:     Size  Location     Type
		None
 Return value:  Size  Location     Type
                  1    wreg      void 
 Registers used:
		wreg, status,2, status,0, pclath, cstack
 Tracked objects:
		On entry : 
		On exit  : 
		Unchanged: 
 Data sizes:     COMMON   BANK0   BANK1   BANK3   BANK2
      Params:         0       0       0       0       0
      Locals:         0       0       0       0       0
      Temps:          2       0       0       0       0
      Totals:         2       0       0       0       0
Total ram usage:        2 bytes
 Hardware stack levels used:    1
 Hardware stack levels required when called:    2
 This function calls:
		_LCD_SendCommand
 This function is called by:
		_print_Temp_Humi_LCD
 This function uses a non-reentrant model


 *************** function _init_fan *****************
 Defined at:
		line 96 in file "./motors.h"
 Parameters:    Size  Location     Type
		None
 Auto vars:     Size  Location     Type
		None
 Return value:  Size  Location     Type
                  1    wreg      void 
 Registers used:
		None
 Tracked objects:
		On entry : 
		On exit  : 
		Unchanged: 
 Data sizes:     COMMON   BANK0   BANK1   BANK3   BANK2
      Params:         0       0       0       0       0
      Locals:         0       0       0       0       0
      Temps:          0       0       0       0       0
      Totals:         0       0       0       0       0
Total ram usage:        0 bytes
 Hardware stack levels used:    1
 This function calls:
		Nothing
 This function is called by:
		_main
 This function uses a non-reentrant model


 *************** function _humi_warning *****************
 Defined at:
		line 133 in file "newmain.c"
 Parameters:    Size  Location     Type
		None
 Auto vars:     Size  Location     Type
		None
 Return value:  Size  Location     Type
                  1    wreg      void 
 Registers used:
		wreg, fsr0l, fsr0h, status,2, status,0, btemp+1, pclath, cstack
 Tracked objects:
		On entry : 
		On exit  : 
		Unchanged: 
 Data sizes:     COMMON   BANK0   BANK1   BANK3   BANK2
      Params:         0       0       0       0       0
      Locals:         0       0       0       0       0
      Temps:          0       3       0       0       0
      Totals:         0       3       0       0       0
Total ram usage:        3 bytes
 Hardware stack levels used:    1
 Hardware stack levels required when called:    2
 This function calls:
		_BT_load_string
		_broadcast_BT
 This function is called by:
		_main
 This function uses a non-reentrant model


 *************** function _control_BT *****************
 Defined at:
		line 146 in file "newmain.c"
 Parameters:    Size  Location     Type
		None
 Auto vars:     Size  Location     Type
		None
 Return value:  Size  Location     Type
                  1    wreg      void 
 Registers used:
		wreg, fsr0l, fsr0h, status,2, status,0, btemp+1, pclath, cstack
 Tracked objects:
		On entry : 
		On exit  : 
		Unchanged: 
 Data sizes:     COMMON   BANK0   BANK1   BANK3   BANK2
      Params:         0       0       0       0       0
      Locals:         0       0       0       0       0
      Temps:          0       0       0       0       0
      Totals:         0       0       0       0       0
Total ram usage:        0 bytes
 Hardware stack levels used:    1
 Hardware stack levels required when called:    5
 This function calls:
		_BT_load_string
		_broadcast_BT
		_fan_off
		_fan_on
		_print_status
		_runFood
 This function is called by:
		_main
 This function uses a non-reentrant model


 *************** function _print_status *****************
 Defined at:
		line 92 in file "newmain.c"
 Parameters:    Size  Location     Type
		None
 Auto vars:     Size  Location     Type
		None
 Return value:  Size  Location     Type
                  1    wreg      void 
 Registers used:
		wreg, fsr0l, fsr0h, status,2, status,0, btemp+1, pclath, cstack
 Tracked objects:
		On entry : 
		On exit  : 
		Unchanged: 
 Data sizes:     COMMON   BANK0   BANK1   BANK3   BANK2
      Params:         0       0       0       0       0
      Locals:         0       0       0       0       0
      Temps:          0       2       0       0       0
      Totals:         0       2       0       0       0
Total ram usage:        2 bytes
 Hardware stack levels used:    1
 Hardware stack levels required when called:    4
 This function calls:
		_BT_load_string
		_broadcast_BT
		_getStringData
		_get_level_food
 This function is called by:
		_main
		_control_BT
 This function uses a non-reentrant model


 *************** function _get_level_food *****************
 Defined at:
		line 65 in file "./motors.h"
 Parameters:    Size  Location     Type
		None
 Auto vars:     Size  Location     Type
  d               1   71[BANK0 ] unsigned char 
 Return value:  Size  Location     Type
                  1    wreg      unsigned char 
 Registers used:
		wreg, status,2, status,0, btemp+1, pclath, cstack
 Tracked objects:
		On entry : 
		On exit  : 
		Unchanged: 
 Data sizes:     COMMON   BANK0   BANK1   BANK3   BANK2
      Params:         0       0       0       0       0
      Locals:         0       1       0       0       0
      Temps:          0       1       0       0       0
      Totals:         0       2       0       0       0
Total ram usage:        2 bytes
 Hardware stack levels used:    1
 Hardware stack levels required when called:    3
 This function calls:
		_distance
 This function is called by:
		_print_status
 This function uses a non-reentrant model


 *************** function _getStringData *****************
 Defined at:
		line 72 in file "./_DHT11.h"
 Parameters:    Size  Location     Type
  num             1    wreg     unsigned char 
 Auto vars:     Size  Location     Type
  num             1    2[BANK0 ] unsigned char 
  buff            2    0[BANK0 ] unsigned char [2]
 Return value:  Size  Location     Type
                  1    wreg      PTR unsigned char 
 Registers used:
		wreg, status,2, status,0, pclath, cstack
 Tracked objects:
		On entry : 
		On exit  : 
		Unchanged: 
 Data sizes:     COMMON   BANK0   BANK1   BANK3   BANK2
      Params:         0       0       0       0       0
      Locals:         0       3       0       0       0
      Temps:          3       0       0       0       0
      Totals:         3       3       0       0       0
Total ram usage:        6 bytes
 Hardware stack levels used:    1
 Hardware stack levels required when called:    1
 This function calls:
		___awdiv
		___awmod
 This function is called by:
		_print_status
 This function uses a non-reentrant model


 *************** function ___awmod *****************
 Defined at:
		line 5 in file "C:\Program Files\Microchip\xc8\v2.30\pic\sources\c90\common\awmod.c"
 Parameters:    Size  Location     Type
  divisor         2    0[COMMON] int 
  dividend        2    2[COMMON] int 
 Auto vars:     Size  Location     Type
  sign            1    6[COMMON] unsigned char 
  counter         1    5[COMMON] unsigned char 
 Return value:  Size  Location     Type
                  2    0[COMMON] int 
 Registers used:
		wreg, status,2, status,0
 Tracked objects:
		On entry : 
		On exit  : 
		Unchanged: 
 Data sizes:     COMMON   BANK0   BANK1   BANK3   BANK2
      Params:         4       0       0       0       0
      Locals:         2       0       0       0       0
      Temps:          1       0       0       0       0
      Totals:         7       0       0       0       0
Total ram usage:        7 bytes
 Hardware stack levels used:    1
 This function calls:
		Nothing
 This function is called by:
		_getStringData
		_print_Temp_Humi_LCD
 This function uses a non-reentrant model


 *************** function ___awdiv *****************
 Defined at:
		line 5 in file "C:\Program Files\Microchip\xc8\v2.30\pic\sources\c90\common\awdiv.c"
 Parameters:    Size  Location     Type
  divisor         2    0[COMMON] int 
  dividend        2    2[COMMON] int 
 Auto vars:     Size  Location     Type
  quotient        2    7[COMMON] int 
  sign            1    6[COMMON] unsigned char 
  counter         1    5[COMMON] unsigned char 
 Return value:  Size  Location     Type
                  2    0[COMMON] int 
 Registers used:
		wreg, status,2, status,0
 Tracked objects:
		On entry : 
		On exit  : 
		Unchanged: 
 Data sizes:     COMMON   BANK0   BANK1   BANK3   BANK2
      Params:         4       0       0       0       0
      Locals:         4       0       0       0       0
      Temps:          1       0       0       0       0
      Totals:         9       0       0       0       0
Total ram usage:        9 bytes
 Hardware stack levels used:    1
 This function calls:
		Nothing
 This function is called by:
		_getStringData
		_print_Temp_Humi_LCD
 This function uses a non-reentrant model


 *************** function _broadcast_BT *****************
 Defined at:
		line 50 in file "./bluetooth_module.h"
 Parameters:    Size  Location     Type
		None
 Auto vars:     Size  Location     Type
		None
 Return value:  Size  Location     Type
                  1    wreg      void 
 Registers used:
		wreg
 Tracked objects:
		On entry : 
		On exit  : 
		Unchanged: 
 Data sizes:     COMMON   BANK0   BANK1   BANK3   BANK2
      Params:         0       0       0       0       0
      Locals:         0       0       0       0       0
      Temps:          3       0       0       0       0
      Totals:         3       0       0       0       0
Total ram usage:        3 bytes
 Hardware stack levels used:    1
 This function calls:
		Nothing
 This function is called by:
		_main
		_print_option_BT
		_print_status
		_temp_warning
		_humi_warning
		_control_BT
 This function uses a non-reentrant model


 *************** function _BT_load_string *****************
 Defined at:
		line 42 in file "./bluetooth_module.h"
 Parameters:    Size  Location     Type
  string          2   12[COMMON] PTR unsigned char 
		 -> STR_30(16), STR_29(16), STR_28(16), STR_27(38), 
		 -> STR_26(37), STR_25(41), STR_24(40), STR_23(7), 
		 -> STR_22(11), STR_21(7), STR_20(7), STR_19(16), 
		 -> STR_18(4), STR_17(3), STR_16(15), STR_15(4), 
		 -> STR_14(3), STR_13(17), STR_12(3), STR_11(30), 
		 -> STR_10(6), STR_9(33), STR_8(18), STR_7(18), 
		 -> STR_6(15), STR_5(38), STR_4(42), STR_3(26), 
		 -> getStringData@buff(2), 
 Auto vars:     Size  Location     Type
		None
 Return value:  Size  Location     Type
                  1    wreg      void 
 Registers used:
		wreg, fsr0l, fsr0h, status,2, status,0, btemp+1, pclath, cstack
 Tracked objects:
		On entry : 
		On exit  : 
		Unchanged: 
 Data sizes:     COMMON   BANK0   BANK1   BANK3   BANK2
      Params:         2       0       0       0       0
      Locals:         0       0       0       0       0
      Temps:          0       0       0       0       0
      Totals:         2       0       0       0       0
Total ram usage:        2 bytes
 Hardware stack levels used:    1
 Hardware stack levels required when called:    1
 This function calls:
		_BT_load_char
 This function is called by:
		_main
		_print_option_BT
		_print_status
		_temp_warning
		_humi_warning
		_control_BT
 This function uses a non-reentrant model


 *************** function _BT_load_char *****************
 Defined at:
		line 34 in file "./bluetooth_module.h"
 Parameters:    Size  Location     Type
  byte            1    wreg     unsigned char 
 Auto vars:     Size  Location     Type
  byte            1    0[COMMON] unsigned char 
 Return value:  Size  Location     Type
                  1    wreg      void 
 Registers used:
		wreg
 Tracked objects:
		On entry : 
		On exit  : 
		Unchanged: 
 Data sizes:     COMMON   BANK0   BANK1   BANK3   BANK2
      Params:         0       0       0       0       0
      Locals:         1       0       0       0       0
      Temps:          0       0       0       0       0
      Totals:         1       0       0       0       0
Total ram usage:        1 bytes
 Hardware stack levels used:    1
 This function calls:
		Nothing
 This function is called by:
		_BT_load_string
 This function uses a non-reentrant model


 *************** function _fan_on *****************
 Defined at:
		line 103 in file "./motors.h"
 Parameters:    Size  Location     Type
		None
 Auto vars:     Size  Location     Type
		None
 Return value:  Size  Location     Type
                  1    wreg      void 
 Registers used:
		None
 Tracked objects:
		On entry : 
		On exit  : 
		Unchanged: 
 Data sizes:     COMMON   BANK0   BANK1   BANK3   BANK2
      Params:         0       0       0       0       0
      Locals:         0       0       0       0       0
      Temps:          0       0       0       0       0
      Totals:         0       0       0       0       0
Total ram usage:        0 bytes
 Hardware stack levels used:    1
 This function calls:
		Nothing
 This function is called by:
		_checkTemp
		_control_BT
 This function uses a non-reentrant model


 *************** function _fan_off *****************
 Defined at:
		line 107 in file "./motors.h"
 Parameters:    Size  Location     Type
		None
 Auto vars:     Size  Location     Type
		None
 Return value:  Size  Location     Type
                  1    wreg      void 
 Registers used:
		None
 Tracked objects:
		On entry : 
		On exit  : 
		Unchanged: 
 Data sizes:     COMMON   BANK0   BANK1   BANK3   BANK2
      Params:         0       0       0       0       0
      Locals:         0       0       0       0       0
      Temps:          0       0       0       0       0
      Totals:         0       0       0       0       0
Total ram usage:        0 bytes
 Hardware stack levels used:    1
 This function calls:
		Nothing
 This function is called by:
		_control_BT
 This function uses a non-reentrant model


 *************** function _auto_food *****************
 Defined at:
		line 59 in file "./motors.h"
 Parameters:    Size  Location     Type
		None
 Auto vars:     Size  Location     Type
		None
 Return value:  Size  Location     Type
                  1    wreg      void 
 Registers used:
		wreg, status,2, status,0, btemp+1, pclath, cstack
 Tracked objects:
		On entry : 
		On exit  : 
		Unchanged: 
 Data sizes:     COMMON   BANK0   BANK1   BANK3   BANK2
      Params:         0       0       0       0       0
      Locals:         0       0       0       0       0
      Temps:          0       0       0       0       0
      Totals:         0       0       0       0       0
Total ram usage:        0 bytes
 Hardware stack levels used:    1
 Hardware stack levels required when called:    3
 This function calls:
		_distance
		_runFood
 This function is called by:
		_main
 This function uses a non-reentrant model


 *************** function _runFood *****************
 Defined at:
		line 53 in file "./motors.h"
 Parameters:    Size  Location     Type
		None
 Auto vars:     Size  Location     Type
		None
 Return value:  Size  Location     Type
                  1    wreg      void 
 Registers used:
		wreg, status,2, status,0, pclath, cstack
 Tracked objects:
		On entry : 
		On exit  : 
		Unchanged: 
 Data sizes:     COMMON   BANK0   BANK1   BANK3   BANK2
      Params:         0       0       0       0       0
      Locals:         0       0       0       0       0
      Temps:          3       0       0       0       0
      Totals:         3       0       0       0       0
Total ram usage:        3 bytes
 Hardware stack levels used:    1
 Hardware stack levels required when called:    1
 This function calls:
		_rotation0
		_rotation90
 This function is called by:
		_auto_food
		_control_BT
 This function uses a non-reentrant model


 *************** function _rotation90 *****************
 Defined at:
		line 41 in file "./motors.h"
 Parameters:    Size  Location     Type
		None
 Auto vars:     Size  Location     Type
  i               2    2[COMMON] unsigned int 
 Return value:  Size  Location     Type
                  1    wreg      void 
 Registers used:
		wreg, status,2
 Tracked objects:
		On entry : 
		On exit  : 
		Unchanged: 
 Data sizes:     COMMON   BANK0   BANK1   BANK3   BANK2
      Params:         0       0       0       0       0
      Locals:         2       0       0       0       0
      Temps:          2       0       0       0       0
      Totals:         4       0       0       0       0
Total ram usage:        4 bytes
 Hardware stack levels used:    1
 This function calls:
		Nothing
 This function is called by:
		_runFood
 This function uses a non-reentrant model


 *************** function _rotation0 *****************
 Defined at:
		line 30 in file "./motors.h"
 Parameters:    Size  Location     Type
		None
 Auto vars:     Size  Location     Type
  i               2    2[COMMON] unsigned int 
 Return value:  Size  Location     Type
                  1    wreg      void 
 Registers used:
		wreg, status,2
 Tracked objects:
		On entry : 
		On exit  : 
		Unchanged: 
 Data sizes:     COMMON   BANK0   BANK1   BANK3   BANK2
      Params:         0       0       0       0       0
      Locals:         2       0       0       0       0
      Temps:          2       0       0       0       0
      Totals:         4       0       0       0       0
Total ram usage:        4 bytes
 Hardware stack levels used:    1
 This function calls:
		Nothing
 This function is called by:
		_runFood
 This function uses a non-reentrant model


 *************** function _distance *****************
 Defined at:
		line 9 in file "./motors.h"
 Parameters:    Size  Location     Type
		None
 Auto vars:     Size  Location     Type
  time_taken      2   68[BANK0 ] int 
  distance        2   66[BANK0 ] int 
 Return value:  Size  Location     Type
                  2   63[BANK0 ] int 
 Registers used:
		wreg, status,2, status,0, btemp+1, pclath, cstack
 Tracked objects:
		On entry : 
		On exit  : 
		Unchanged: 
 Data sizes:     COMMON   BANK0   BANK1   BANK3   BANK2
      Params:         0       2       0       0       0
      Locals:         0       4       0       0       0
      Temps:          0       1       0       0       0
      Totals:         0       7       0       0       0
Total ram usage:        7 bytes
 Hardware stack levels used:    1
 Hardware stack levels required when called:    2
 This function calls:
		___fldiv
		___flmul
		___fltol
		___xxtofl
 This function is called by:
		_auto_food
		_get_level_food
 This function uses a non-reentrant model


 *************** function ___xxtofl *****************
 Defined at:
		line 10 in file "C:\Program Files\Microchip\xc8\v2.30\pic\sources\c90\common\xxtofl.c"
 Parameters:    Size  Location     Type
  sign            1    wreg     unsigned char 
  val             4    0[COMMON] long 
 Auto vars:     Size  Location     Type
  sign            1    8[COMMON] unsigned char 
  arg             4   10[COMMON] unsigned long 
  exp             1    9[COMMON] unsigned char 
 Return value:  Size  Location     Type
                  4    0[COMMON] unsigned char 
 Registers used:
		wreg, status,2, status,0
 Tracked objects:
		On entry : 
		On exit  : 
		Unchanged: 
 Data sizes:     COMMON   BANK0   BANK1   BANK3   BANK2
      Params:         4       0       0       0       0
      Locals:         6       0       0       0       0
      Temps:          4       0       0       0       0
      Totals:        14       0       0       0       0
Total ram usage:       14 bytes
 Hardware stack levels used:    1
 This function calls:
		Nothing
 This function is called by:
		_distance
 This function uses a non-reentrant model


 *************** function ___fltol *****************
 Defined at:
		line 43 in file "C:\Program Files\Microchip\xc8\v2.30\pic\sources\c90\common\fltol.c"
 Parameters:    Size  Location     Type
  f1              4   52[BANK0 ] unsigned char 
 Auto vars:     Size  Location     Type
  exp1            1   62[BANK0 ] unsigned char 
  sign1           1   61[BANK0 ] unsigned char 
 Return value:  Size  Location     Type
                  4   52[BANK0 ] long 
 Registers used:
		wreg, status,2, status,0
 Tracked objects:
		On entry : 
		On exit  : 
		Unchanged: 
 Data sizes:     COMMON   BANK0   BANK1   BANK3   BANK2
      Params:         0       4       0       0       0
      Locals:         0       2       0       0       0
      Temps:          0       5       0       0       0
      Totals:         0      11       0       0       0
Total ram usage:       11 bytes
 Hardware stack levels used:    1
 This function calls:
		Nothing
 This function is called by:
		_distance
 This function uses a non-reentrant model


 *************** function ___flmul *****************
 Defined at:
		line 8 in file "C:\Program Files\Microchip\xc8\v2.30\pic\sources\c90\common\sprcmul.c"
 Parameters:    Size  Location     Type
  b               4    0[BANK0 ] long 
  a               4    4[BANK0 ] long 
 Auto vars:     Size  Location     Type
  prod            4   20[BANK0 ] struct .
  grs             4   14[BANK0 ] unsigned long 
  temp            2   24[BANK0 ] struct .
  bexp            1   19[BANK0 ] unsigned char 
  aexp            1   18[BANK0 ] unsigned char 
  sign            1   13[BANK0 ] unsigned char 
 Return value:  Size  Location     Type
                  4    0[BANK0 ] unsigned char 
 Registers used:
		wreg, status,2, status,0, btemp+1, pclath, cstack
 Tracked objects:
		On entry : 
		On exit  : 
		Unchanged: 
 Data sizes:     COMMON   BANK0   BANK1   BANK3   BANK2
      Params:         0       8       0       0       0
      Locals:         0      13       0       0       0
      Temps:          0       5       0       0       0
      Totals:         0      26       0       0       0
Total ram usage:       26 bytes
 Hardware stack levels used:    1
 Hardware stack levels required when called:    1
 This function calls:
		__Umul8_16
 This function is called by:
		_distance
 This function uses a non-reentrant model


 *************** function __Umul8_16 *****************
 Defined at:
		line 4 in file "C:\Program Files\Microchip\xc8\v2.30\pic\sources\c90\common\Umul8_16.c"
 Parameters:    Size  Location     Type
  multiplier      1    wreg     unsigned char 
  multiplicand    1    0[COMMON] unsigned char 
 Auto vars:     Size  Location     Type
  multiplier      1    8[COMMON] unsigned char 
  word_mpld       2    6[COMMON] unsigned int 
  product         2    4[COMMON] unsigned int 
 Return value:  Size  Location     Type
                  2    0[COMMON] unsigned int 
 Registers used:
		wreg, status,2, status,0
 Tracked objects:
		On entry : 
		On exit  : 
		Unchanged: 
 Data sizes:     COMMON   BANK0   BANK1   BANK3   BANK2
      Params:         2       0       0       0       0
      Locals:         5       0       0       0       0
      Temps:          2       0       0       0       0
      Totals:         9       0       0       0       0
Total ram usage:        9 bytes
 Hardware stack levels used:    1
 This function calls:
		Nothing
 This function is called by:
		___flmul
 This function uses a non-reentrant model


 *************** function ___fldiv *****************
 Defined at:
		line 8 in file "C:\Program Files\Microchip\xc8\v2.30\pic\sources\c90\common\sprcdiv.c"
 Parameters:    Size  Location     Type
  a               4   26[BANK0 ] unsigned int 
  b               4   30[BANK0 ] unsigned int 
 Auto vars:     Size  Location     Type
  grs             4   46[BANK0 ] unsigned long 
  rem             4   39[BANK0 ] unsigned long 
  new_exp         2   44[BANK0 ] int 
  aexp            1   51[BANK0 ] unsigned char 
  bexp            1   50[BANK0 ] unsigned char 
  sign            1   43[BANK0 ] unsigned char 
 Return value:  Size  Location     Type
                  4   26[BANK0 ] unsigned char 
 Registers used:
		wreg, status,2, status,0, btemp+1
 Tracked objects:
		On entry : 
		On exit  : 
		Unchanged: 
 Data sizes:     COMMON   BANK0   BANK1   BANK3   BANK2
      Params:         0       8       0       0       0
      Locals:         0      13       0       0       0
      Temps:          0       5       0       0       0
      Totals:         0      26       0       0       0
Total ram usage:       26 bytes
 Hardware stack levels used:    1
 This function calls:
		Nothing
 This function is called by:
		_distance
 This function uses a non-reentrant model


 *************** function _Read_DTH11 *****************
 Defined at:
		line 39 in file "./_DHT11.h"
 Parameters:    Size  Location     Type
		None
 Auto vars:     Size  Location     Type
  ii              1    6[COMMON] unsigned char 
  i               1    7[COMMON] unsigned char 
 Return value:  Size  Location     Type
                  1    wreg      unsigned char 
 Registers used:
		wreg, fsr0l, fsr0h, status,2, status,0
 Tracked objects:
		On entry : 
		On exit  : 
		Unchanged: 
 Data sizes:     COMMON   BANK0   BANK1   BANK3   BANK2
      Params:         0       0       0       0       0
      Locals:         2       0       0       0       0
      Temps:          6       0       0       0       0
      Totals:         8       0       0       0       0
Total ram usage:        8 bytes
 Hardware stack levels used:    1
 This function calls:
		Nothing
 This function is called by:
		_main
 This function uses a non-reentrant model


 *************** function _LCD_Init *****************
 Defined at:
		line 29 in file "./_lcd_module.h"
 Parameters:    Size  Location     Type
		None
 Auto vars:     Size  Location     Type
		None
 Return value:  Size  Location     Type
                  1    wreg      void 
 Registers used:
		wreg, status,2, status,0, pclath, cstack
 Tracked objects:
		On entry : 
		On exit  : 
		Unchanged: 
 Data sizes:     COMMON   BANK0   BANK1   BANK3   BANK2
      Params:         0       0       0       0       0
      Locals:         0       0       0       0       0
      Temps:          2       0       0       0       0
      Totals:         2       0       0       0       0
Total ram usage:        2 bytes
 Hardware stack levels used:    1
 Hardware stack levels required when called:    2
 This function calls:
		_LCD_Send4Bit
		_LCD_SendCommand
 This function is called by:
		_main
 This function uses a non-reentrant model


 *************** function _LCD_SendCommand *****************
 Defined at:
		line 24 in file "./_lcd_module.h"
 Parameters:    Size  Location     Type
  command         1    wreg     unsigned char 
 Auto vars:     Size  Location     Type
  command         1    3[COMMON] unsigned char 
 Return value:  Size  Location     Type
                  1    wreg      void 
 Registers used:
		wreg, status,2, status,0, pclath, cstack
 Tracked objects:
		On entry : 
		On exit  : 
		Unchanged: 
 Data sizes:     COMMON   BANK0   BANK1   BANK3   BANK2
      Params:         0       0       0       0       0
      Locals:         1       0       0       0       0
      Temps:          1       0       0       0       0
      Totals:         2       0       0       0       0
Total ram usage:        2 bytes
 Hardware stack levels used:    1
 Hardware stack levels required when called:    1
 This function calls:
		_LCD_Send4Bit
 This function is called by:
		_LCD_Init
		_LCD_PutChar
		_LCD_Clear
		_LCD_Gotoxy
 This function uses a non-reentrant model


 *************** function _LCD_Send4Bit *****************
 Defined at:
		line 12 in file "./_lcd_module.h"
 Parameters:    Size  Location     Type
  a               1    wreg     unsigned char 
 Auto vars:     Size  Location     Type
  a               1    1[COMMON] unsigned char 
 Return value:  Size  Location     Type
                  1    wreg      void 
 Registers used:
		wreg, status,2, status,0
 Tracked objects:
		On entry : 
		On exit  : 
		Unchanged: 
 Data sizes:     COMMON   BANK0   BANK1   BANK3   BANK2
      Params:         0       0       0       0       0
      Locals:         1       0       0       0       0
      Temps:          1       0       0       0       0
      Totals:         2       0       0       0       0
Total ram usage:        2 bytes
 Hardware stack levels used:    1
 This function calls:
		Nothing
 This function is called by:
		_LCD_SendCommand
		_LCD_Init
 This function uses a non-reentrant model


 *************** function _Init_Bluetooth *****************
 Defined at:
		line 2 in file "./bluetooth_module.h"
 Parameters:    Size  Location     Type
		None
 Auto vars:     Size  Location     Type
		None
 Return value:  Size  Location     Type
                  1    wreg      void 
 Registers used:
		wreg
 Tracked objects:
		On entry : 
		On exit  : 
		Unchanged: 
 Data sizes:     COMMON   BANK0   BANK1   BANK3   BANK2
      Params:         0       0       0       0       0
      Locals:         0       0       0       0       0
      Temps:          0       0       0       0       0
      Totals:         0       0       0       0       0
Total ram usage:        0 bytes
 Hardware stack levels used:    1
 This function calls:
		Nothing
 This function is called by:
		_main
 This function uses a non-reentrant model


 *************** function _DHT11_start *****************
 Defined at:
		line 18 in file "./_DHT11.h"
 Parameters:    Size  Location     Type
		None
 Auto vars:     Size  Location     Type
		None
 Return value:  Size  Location     Type
                  1    wreg      unsigned char 
 Registers used:
		wreg
 Tracked objects:
		On entry : 
		On exit  : 
		Unchanged: 
 Data sizes:     COMMON   BANK0   BANK1   BANK3   BANK2
      Params:         0       0       0       0       0
      Locals:         0       0       0       0       0
      Temps:          2       0       0       0       0
      Totals:         2       0       0       0       0
Total ram usage:        2 bytes
 Hardware stack levels used:    1
 This function calls:
		Nothing
 This function is called by:
		_main
 This function uses a non-reentrant model


 *************** function _BT_get_char *****************
 Defined at:
		line 58 in file "./bluetooth_module.h"
 Parameters:    Size  Location     Type
		None
 Auto vars:     Size  Location     Type
		None
 Return value:  Size  Location     Type
                  1    wreg      unsigned char 
 Registers used:
		wreg
 Tracked objects:
		On entry : 
		On exit  : 
		Unchanged: 
 Data sizes:     COMMON   BANK0   BANK1   BANK3   BANK2
      Params:         0       0       0       0       0
      Locals:         0       0       0       0       0
      Temps:          0       0       0       0       0
      Totals:         0       0       0       0       0
Total ram usage:        0 bytes
 Hardware stack levels used:    1
 This function calls:
		Nothing
 This function is called by:
		_main
 This function uses a non-reentrant model



MODULE INFORMATION

Module		Function		Class		Link	Load	Size
./_lcd_module.h
		_LCD_Init      		CODE           	0C95	0000	100
		_LCD_Send4Bit  		CODE           	0003	0000	79
		_LCD_PutChar   		CODE           	16E3	0000	14
		_LCD_PutString 		CODE           	0A1F	0000	38
		_LCD_Clear     		CODE           	1701	0000	16
		_LCD_Gotoxy    		CODE           	1799	0000	28
		_LCD_SendCommand		CODE           	1737	0000	22

./_lcd_module.h estimated size: 297

C:\Program Files\Microchip\xc8\v2.30\pic\sources\c90\common\sprcmul.c
		___flmul       		CODE           	0489	0000	865

C:\Program Files\Microchip\xc8\v2.30\pic\sources\c90\common\sprcmul.c estimated size: 865

C:\Program Files\Microchip\xc8\v2.30\pic\sources\c90\common\sprcdiv.c
		___fldiv       		CODE           	02AC	0000	477

C:\Program Files\Microchip\xc8\v2.30\pic\sources\c90\common\sprcdiv.c estimated size: 477

C:\Program Files\Microchip\xc8\v2.30\pic\sources\c90\common\awmod.c
		___awmod       		CODE           	0BDC	0000	89

C:\Program Files\Microchip\xc8\v2.30\pic\sources\c90\common\awmod.c estimated size: 89

C:\Program Files\Microchip\xc8\v2.30\pic\sources\c90\common\xxtofl.c
		___xxtofl      		CODE           	0105	0000	186

C:\Program Files\Microchip\xc8\v2.30\pic\sources\c90\common\xxtofl.c estimated size: 186

./bluetooth_module.h
		_BT_get_char   		CODE           	1723	0000	20
		_BT_load_char  		CODE           	16F1	0000	16
		_Init_Bluetooth		CODE           	1765	0000	26
		_BT_load_string		CODE           	17DA	0000	38
		_broadcast_BT  		CODE           	1711	0000	18

./bluetooth_module.h estimated size: 118

C:\Program Files\Microchip\xc8\v2.30\pic\sources\c90\common\fltol.c
		___fltol       		CODE           	0E43	0000	124

C:\Program Files\Microchip\xc8\v2.30\pic\sources\c90\common\fltol.c estimated size: 124

newmain.c
		_print_option_BT		CODE           	0B95	0000	71
		_main          		CODE           	0EBF	0000	155
		_control_BT    		CODE           	0D60	0000	113
		_humi_warning  		CODE           	0AED	0000	55
		_print_status  		CODE           	01BF	0000	237
		_temp_warning  		CODE           	0B24	0000	55

newmain.c estimated size: 686

C:\Program Files\Microchip\xc8\v2.30\pic\sources\c90\common\awdiv.c
		___awdiv       		CODE           	0CF9	0000	103

C:\Program Files\Microchip\xc8\v2.30\pic\sources\c90\common\awdiv.c estimated size: 103

shared
		__stringtab    		STRING         	1000	0000	18
		__initialization		CODE           	07EA	0000	18

shared estimated size: 36

./_DHT11.h
		_getStringData 		CODE           	0C35	0000	96
		_checkTemp     		CODE           	0B5B	0000	58
		_print_Temp_Humi_LCD		CODE           	0F5A	0000	166
		_Read_DTH11    		CODE           	0DD1	0000	114
		_DHT11_start   		CODE           	0ABF	0000	46

./_DHT11.h estimated size: 480

C:\Program Files\Microchip\xc8\v2.30\pic\sources\c90\common\Umul8_16.c
		__Umul8_16     		CODE           	0A45	0000	39

C:\Program Files\Microchip\xc8\v2.30\pic\sources\c90\common\Umul8_16.c estimated size: 39

./motors.h
		_fan_on        		CODE           	16C2	0000	4
		_init_fan      		CODE           	16C6	0000	9
		_get_level_food		CODE           	17B5	0000	37
		_rotation0     		CODE           	0A6C	0000	41
		_rotation90    		CODE           	0A95	0000	42
		_fan_off       		CODE           	16BE	0000	4
		_water_start   		CODE           	16D9	0000	10
		_runFood       		CODE           	174D	0000	24
		_water_init    		CODE           	16CF	0000	10
		_distance      		CODE           	0052	0000	179
		_auto_food     		CODE           	177F	0000	26

./motors.h estimated size: 386

